This is pdfTeX, Version 3.141592653-2.6-1.40.27 (MiKTeX 25.4) (preloaded format=pdflatex 2025.9.19)  28 OCT 2025 20:38
entering extended mode
 restricted \write18 enabled.
 %&-line parsing enabled.
**./Project_Assignment_2.tex
(Project_Assignment_2.tex
LaTeX2e <2025-06-01> patch level 1
L3 programming layer <2025-08-13>
(IEEEtran.cls
Document Class: IEEEtran 2015/08/26 V1.8b by Michael Shell
-- See the "IEEEtran_HOWTO" manual for usage information.
-- http://www.michaelshell.org/tex/ieeetran/
\@IEEEtrantmpdimenA=\dimen148
\@IEEEtrantmpdimenB=\dimen149
\@IEEEtrantmpdimenC=\dimen150
\@IEEEtrantmpcountA=\count275
\@IEEEtrantmpcountB=\count276
\@IEEEtrantmpcountC=\count277
\@IEEEtrantmptoksA=\toks17
LaTeX Font Info:    Trying to load font information for OT1+ptm on input line 5
03.
(C:\Program Files\LaTeX\tex/latex/psnfss\ot1ptm.fd
File: ot1ptm.fd 2001/06/04 font definitions for OT1/ptm.
)
-- Using 8.5in x 11in (letter) paper.
-- Using PDF output.
\@IEEEnormalsizeunitybaselineskip=\dimen151
-- This is a 10 point document.
LaTeX Encoding Info:    Redeclaring text command \textunderscore (encoding ?) o
n input line 937.
\CLASSINFOnormalsizebaselineskip=\dimen152
\CLASSINFOnormalsizeunitybaselineskip=\dimen153
\IEEEnormaljot=\dimen154
LaTeX Font Info:    Font shape `OT1/ptm/bx/n' in size <5> not available
(Font)              Font shape `OT1/ptm/b/n' tried instead on input line 1090.
LaTeX Font Info:    Font shape `OT1/ptm/bx/it' in size <5> not available
(Font)              Font shape `OT1/ptm/b/it' tried instead on input line 1090.

LaTeX Font Info:    Font shape `OT1/ptm/bx/n' in size <7> not available
(Font)              Font shape `OT1/ptm/b/n' tried instead on input line 1090.
LaTeX Font Info:    Font shape `OT1/ptm/bx/it' in size <7> not available
(Font)              Font shape `OT1/ptm/b/it' tried instead on input line 1090.

LaTeX Font Info:    Font shape `OT1/ptm/bx/n' in size <8> not available
(Font)              Font shape `OT1/ptm/b/n' tried instead on input line 1090.
LaTeX Font Info:    Font shape `OT1/ptm/bx/it' in size <8> not available
(Font)              Font shape `OT1/ptm/b/it' tried instead on input line 1090.

LaTeX Font Info:    Font shape `OT1/ptm/bx/n' in size <9> not available
(Font)              Font shape `OT1/ptm/b/n' tried instead on input line 1090.
LaTeX Font Info:    Font shape `OT1/ptm/bx/it' in size <9> not available
(Font)              Font shape `OT1/ptm/b/it' tried instead on input line 1090.

LaTeX Font Info:    Font shape `OT1/ptm/bx/n' in size <10> not available
(Font)              Font shape `OT1/ptm/b/n' tried instead on input line 1090.
LaTeX Font Info:    Font shape `OT1/ptm/bx/it' in size <10> not available
(Font)              Font shape `OT1/ptm/b/it' tried instead on input line 1090.

LaTeX Font Info:    Font shape `OT1/ptm/bx/n' in size <11> not available
(Font)              Font shape `OT1/ptm/b/n' tried instead on input line 1090.
LaTeX Font Info:    Font shape `OT1/ptm/bx/it' in size <11> not available
(Font)              Font shape `OT1/ptm/b/it' tried instead on input line 1090.

LaTeX Font Info:    Font shape `OT1/ptm/bx/n' in size <12> not available
(Font)              Font shape `OT1/ptm/b/n' tried instead on input line 1090.
LaTeX Font Info:    Font shape `OT1/ptm/bx/it' in size <12> not available
(Font)              Font shape `OT1/ptm/b/it' tried instead on input line 1090.

LaTeX Font Info:    Font shape `OT1/ptm/bx/n' in size <17> not available
(Font)              Font shape `OT1/ptm/b/n' tried instead on input line 1090.
LaTeX Font Info:    Font shape `OT1/ptm/bx/it' in size <17> not available
(Font)              Font shape `OT1/ptm/b/it' tried instead on input line 1090.

LaTeX Font Info:    Font shape `OT1/ptm/bx/n' in size <20> not available
(Font)              Font shape `OT1/ptm/b/n' tried instead on input line 1090.
LaTeX Font Info:    Font shape `OT1/ptm/bx/it' in size <20> not available
(Font)              Font shape `OT1/ptm/b/it' tried instead on input line 1090.

LaTeX Font Info:    Font shape `OT1/ptm/bx/n' in size <24> not available
(Font)              Font shape `OT1/ptm/b/n' tried instead on input line 1090.
LaTeX Font Info:    Font shape `OT1/ptm/bx/it' in size <24> not available
(Font)              Font shape `OT1/ptm/b/it' tried instead on input line 1090.

\IEEEquantizedlength=\dimen155
\IEEEquantizedlengthdiff=\dimen156
\IEEEquantizedtextheightdiff=\dimen157
\IEEEilabelindentA=\dimen158
\IEEEilabelindentB=\dimen159
\IEEEilabelindent=\dimen160
\IEEEelabelindent=\dimen161
\IEEEdlabelindent=\dimen162
\IEEElabelindent=\dimen163
\IEEEiednormlabelsep=\dimen164
\IEEEiedmathlabelsep=\dimen165
\IEEEiedtopsep=\skip49
\c@section=\count278
\c@subsection=\count279
\c@subsubsection=\count280
\c@paragraph=\count281
\c@IEEEsubequation=\count282
\abovecaptionskip=\skip50
\belowcaptionskip=\skip51
\c@figure=\count283
\c@table=\count284
\@IEEEeqnnumcols=\count285
\@IEEEeqncolcnt=\count286
\@IEEEsubeqnnumrollback=\count287
\@IEEEquantizeheightA=\dimen166
\@IEEEquantizeheightB=\dimen167
\@IEEEquantizeheightC=\dimen168
\@IEEEquantizeprevdepth=\dimen169
\@IEEEquantizemultiple=\count288
\@IEEEquantizeboxA=\box53
\@IEEEtmpitemindent=\dimen170
\IEEEPARstartletwidth=\dimen171
\c@IEEEbiography=\count289
\@IEEEtranrubishbin=\box54
) (C:\Program Files\LaTeX\tex/latex/cite\cite.sty
LaTeX Info: Redefining \cite on input line 302.
LaTeX Info: Redefining \nocite on input line 332.
Package: cite 2015/02/27  v 5.5
)
(C:\Program Files\LaTeX\tex/latex/amsmath\amsmath.sty
Package: amsmath 2025/06/16 v2.17y AMS math features
\@mathmargin=\skip52

For additional information on amsmath, use the `?' option.
(C:\Program Files\LaTeX\tex/latex/amsmath\amstext.sty
Package: amstext 2024/11/17 v2.01 AMS text

(C:\Program Files\LaTeX\tex/latex/amsmath\amsgen.sty
File: amsgen.sty 1999/11/30 v2.0 generic functions
\@emptytoks=\toks18
\ex@=\dimen172
))
(C:\Program Files\LaTeX\tex/latex/amsmath\amsbsy.sty
Package: amsbsy 1999/11/29 v1.2d Bold Symbols
\pmbraise@=\dimen173
)
(C:\Program Files\LaTeX\tex/latex/amsmath\amsopn.sty
Package: amsopn 2022/04/08 v2.04 operator names
)
\inf@bad=\count290
LaTeX Info: Redefining \frac on input line 233.
\uproot@=\count291
\leftroot@=\count292
LaTeX Info: Redefining \overline on input line 398.
LaTeX Info: Redefining \colon on input line 409.
\classnum@=\count293
\DOTSCASE@=\count294
LaTeX Info: Redefining \ldots on input line 495.
LaTeX Info: Redefining \dots on input line 498.
LaTeX Info: Redefining \cdots on input line 619.
\Mathstrutbox@=\box55
\strutbox@=\box56
LaTeX Info: Redefining \big on input line 721.
LaTeX Info: Redefining \Big on input line 722.
LaTeX Info: Redefining \bigg on input line 723.
LaTeX Info: Redefining \Bigg on input line 724.
\big@size=\dimen174
LaTeX Font Info:    Redeclaring font encoding OML on input line 742.
LaTeX Font Info:    Redeclaring font encoding OMS on input line 743.
\macc@depth=\count295
LaTeX Info: Redefining \bmod on input line 904.
LaTeX Info: Redefining \pmod on input line 909.
LaTeX Info: Redefining \smash on input line 939.
LaTeX Info: Redefining \relbar on input line 969.
LaTeX Info: Redefining \Relbar on input line 970.
\c@MaxMatrixCols=\count296
\dotsspace@=\muskip17
\c@parentequation=\count297
\dspbrk@lvl=\count298
\tag@help=\toks19
\row@=\count299
\column@=\count300
\maxfields@=\count301
\andhelp@=\toks20
\eqnshift@=\dimen175
\alignsep@=\dimen176
\tagshift@=\dimen177
\tagwidth@=\dimen178
\totwidth@=\dimen179
\lineht@=\dimen180
\@envbody=\toks21
\multlinegap=\skip53
\multlinetaggap=\skip54
\mathdisplay@stack=\toks22
LaTeX Info: Redefining \[ on input line 2949.
LaTeX Info: Redefining \] on input line 2950.
)
(C:\Program Files\LaTeX\tex/latex/amsfonts\amssymb.sty
Package: amssymb 2013/01/14 v3.01 AMS font symbols

(C:\Program Files\LaTeX\tex/latex/amsfonts\amsfonts.sty
Package: amsfonts 2013/01/14 v3.01 Basic AMSFonts support
\symAMSa=\mathgroup4
\symAMSb=\mathgroup5
LaTeX Font Info:    Redeclaring math symbol \hbar on input line 98.
LaTeX Font Info:    Overwriting math alphabet `\mathfrak' in version `bold'
(Font)                  U/euf/m/n --> U/euf/b/n on input line 106.
))
(C:\Program Files\LaTeX\tex/latex/algorithms\algorithmic.sty
Package: algorithmic 2009/08/24 v0.1 Document Style `algorithmic'

(C:\Program Files\LaTeX\tex/latex/base\ifthen.sty
Package: ifthen 2024/03/16 v1.1e Standard LaTeX ifthen package (DPC)
)
(C:\Program Files\LaTeX\tex/latex/graphics\keyval.sty
Package: keyval 2022/05/29 v1.15 key=value parser (DPC)
\KV@toks@=\toks23
)
\c@ALC@unique=\count302
\c@ALC@line=\count303
\c@ALC@rem=\count304
\c@ALC@depth=\count305
\ALC@tlm=\skip55
\algorithmicindent=\skip56
)
(C:\Program Files\LaTeX\tex/latex/graphics\graphicx.sty
Package: graphicx 2024/12/31 v1.2e Enhanced LaTeX Graphics (DPC,SPQR)

(C:\Program Files\LaTeX\tex/latex/graphics\graphics.sty
Package: graphics 2024/08/06 v1.4g Standard LaTeX Graphics (DPC,SPQR)

(C:\Program Files\LaTeX\tex/latex/graphics\trig.sty
Package: trig 2023/12/02 v1.11 sin cos tan (DPC)
)
(C:\Program Files\LaTeX\tex/latex/graphics-cfg\graphics.cfg
File: graphics.cfg 2016/06/04 v1.11 sample graphics configuration
)
Package graphics Info: Driver file: pdftex.def on input line 106.

(C:\Program Files\LaTeX\tex/latex/graphics-def\pdftex.def
File: pdftex.def 2024/04/13 v1.2c Graphics/color driver for pdftex
))
\Gin@req@height=\dimen181
\Gin@req@width=\dimen182
)
(C:\Program Files\LaTeX\tex/latex/base\textcomp.sty
Package: textcomp 2024/04/24 v2.1b Standard LaTeX package
)
(C:\Program Files\LaTeX\tex/latex/xcolor\xcolor.sty
Package: xcolor 2024/09/29 v3.02 LaTeX color extensions (UK)

(C:\Program Files\LaTeX\tex/latex/graphics-cfg\color.cfg
File: color.cfg 2016/01/02 v1.6 sample color configuration
)
Package xcolor Info: Driver file: pdftex.def on input line 274.

(C:\Program Files\LaTeX\tex/latex/graphics\mathcolor.ltx)
Package xcolor Info: Model `cmy' substituted by `cmy0' on input line 1349.
Package xcolor Info: Model `hsb' substituted by `rgb' on input line 1353.
Package xcolor Info: Model `RGB' extended on input line 1365.
Package xcolor Info: Model `HTML' substituted by `rgb' on input line 1367.
Package xcolor Info: Model `Hsb' substituted by `hsb' on input line 1368.
Package xcolor Info: Model `tHsb' substituted by `hsb' on input line 1369.
Package xcolor Info: Model `HSB' substituted by `hsb' on input line 1370.
Package xcolor Info: Model `Gray' substituted by `gray' on input line 1371.
Package xcolor Info: Model `wave' substituted by `hsb' on input line 1372.
)
(C:\Program Files\LaTeX\tex/latex/l3backend\l3backend-pdftex.def
File: l3backend-pdftex.def 2025-06-09 L3 backend support: PDF output (pdfTeX)
\l__color_backend_stack_int=\count306
)
(Project_Assignment_2.aux)
\openout1 = `Project_Assignment_2.aux'.

LaTeX Font Info:    Checking defaults for OML/cmm/m/it on input line 11.
LaTeX Font Info:    ... okay on input line 11.
LaTeX Font Info:    Checking defaults for OMS/cmsy/m/n on input line 11.
LaTeX Font Info:    ... okay on input line 11.
LaTeX Font Info:    Checking defaults for OT1/cmr/m/n on input line 11.
LaTeX Font Info:    ... okay on input line 11.
LaTeX Font Info:    Checking defaults for T1/cmr/m/n on input line 11.
LaTeX Font Info:    ... okay on input line 11.
LaTeX Font Info:    Checking defaults for TS1/cmr/m/n on input line 11.
LaTeX Font Info:    ... okay on input line 11.
LaTeX Font Info:    Checking defaults for OMX/cmex/m/n on input line 11.
LaTeX Font Info:    ... okay on input line 11.
LaTeX Font Info:    Checking defaults for U/cmr/m/n on input line 11.
LaTeX Font Info:    ... okay on input line 11.

-- Lines per column: 56 (exact).
(C:\Program Files\LaTeX\tex/context/base/mkii\supp-pdf.mkii
[Loading MPS to PDF converter (version 2006.09.02).]
\scratchcounter=\count307
\scratchdimen=\dimen183
\scratchbox=\box57
\nofMPsegments=\count308
\nofMParguments=\count309
\everyMPshowfont=\toks24
\MPscratchCnt=\count310
\MPscratchDim=\dimen184
\MPnumerator=\count311
\makeMPintoPDFobject=\count312
\everyMPtoPDFconversion=\toks25
) (C:\Program Files\LaTeX\tex/latex/epstopdf-pkg\epstopdf-base.sty
Package: epstopdf-base 2020-01-24 v2.11 Base part for package epstopdf
Package epstopdf-base Info: Redefining graphics rule for `.eps' on input line 4
85.

(C:\Program Files\LaTeX\tex/latex/00miktex\epstopdf-sys.cfg
File: epstopdf-sys.cfg 2021/03/18 v2.0 Configuration of epstopdf for MiKTeX
))
LaTeX Font Info:    Calculating math sizes for size <24> on input line 22.
LaTeX Font Info:    Trying to load font information for U+msa on input line 22.


(C:\Program Files\LaTeX\tex/latex/amsfonts\umsa.fd
File: umsa.fd 2013/01/14 v3.01 AMS symbols A
)
LaTeX Font Info:    Trying to load font information for U+msb on input line 22.


(C:\Program Files\LaTeX\tex/latex/amsfonts\umsb.fd
File: umsb.fd 2013/01/14 v3.01 AMS symbols B
)
Underfull \hbox (badness 10000) in paragraph at lines 29--32
\OT1/ptm/m/n/10 method-olo-gies against a high-dimensionality ge-nomic
 []


Underfull \hbox (badness 10000) in paragraph at lines 29--32

 []

LaTeX Font Info:    Trying to load font information for OT1+pcr on input line 3
4.
(C:\Program Files\LaTeX\tex/latex/psnfss\ot1pcr.fd
File: ot1pcr.fd 2001/06/04 font definitions for OT1/pcr.
)
Underfull \hbox (badness 10000) in paragraph at lines 34--35

 []


Underfull \hbox (badness 4634) in paragraph at lines 41--44
 \OT1/ptm/m/it/10 1) \OT1/ptm/b/it/10 Pre-pro-cess-ing\OT1/ptm/m/it/10 : [][] \
OT1/ptm/m/n/10 Ini-tial data clean-ing in-volved the
 []


Underfull \hbox (badness 3884) in paragraph at lines 41--44
[]\OT1/ptm/m/n/10 The re-sult-ing data loss, ap-prox-i-mately $\OT1/cmr/m/n/10 
10%$ \OT1/ptm/m/n/10 of the
 []


Underfull \hbox (badness 10000) in paragraph at lines 41--44

 []




Underfull \hbox (badness 2809) in paragraph at lines 45--47
 \OT1/ptm/m/it/10 2) \OT1/ptm/b/it/10 Stan-dard-iza-tion\OT1/ptm/m/it/10 : [][]
 \OT1/ptm/m/n/10 To pre-pare the data for mod-els
 []


Underfull \hbox (badness 10000) in paragraph at lines 45--47
\OT1/ptm/m/n/10 de-signed to han-dle high-dimensionality, all fea-tures
 []


Underfull \hbox (badness 2165) in paragraph at lines 45--47
\OT1/ptm/m/n/10 were sub-jected to \OT1/ptm/m/it/10 stan-dard-iza-tion\OT1/ptm/
m/n/10 , of-ten re-ferred to as
 []


Underfull \hbox (badness 4805) in paragraph at lines 45--47
\OML/cmm/m/it/10 Z$\OT1/ptm/m/n/10 -score nor-mal-iza-tion. This crit-i-cal pre
-pro-cess-ing step
 []


Underfull \hbox (badness 10000) in paragraph at lines 45--47

 []



[1{C:/Users/gagui/AppData/Local/MiKTeX/fonts/map/pdftex/pdftex.map}{C:/Program 
Files/LaTeX/fonts/enc/dvips/base/8r.enc}


]
Underfull \hbox (badness 4726) in paragraph at lines 56--57
[]\OT1/ptm/b/n/10 Partial Least Squares Re-gres-sion (PLS)\OT1/ptm/m/n/10 : PLS

 []


Underfull \hbox (badness 10000) in paragraph at lines 56--57

 []


Underfull \hbox (badness 2547) in paragraph at lines 61--64
\OT1/ptm/m/n/10 and \OT1/ptm/b/n/10 PLS\OT1/ptm/m/n/10 , un-der-went hy-per-pa-
ram-e-ter op-ti-miza-tion us-ing
 []


Underfull \hbox (badness 10000) in paragraph at lines 61--64
[]\OT1/ptm/m/n/10 For PCR and PLS, the op-ti-mal num-ber of
 []


Underfull \hbox (badness 10000) in paragraph at lines 61--64
\OT1/ptm/m/n/10 com-po-nents ($\OML/cmm/m/it/10 k$\OT1/ptm/m/n/10 ) was searche
d across the grid
 []


Underfull \hbox (badness 3323) in paragraph at lines 61--64
\OMS/cmsy/m/n/10 f\OT1/cmr/m/n/10 5\OML/cmm/m/it/10 ; \OT1/cmr/m/n/10 10\OML/cm
m/m/it/10 ; \OT1/cmr/m/n/10 50\OML/cmm/m/it/10 ; \OT1/cmr/m/n/10 100\OML/cmm/m/
it/10 ; \OT1/cmr/m/n/10 200\OML/cmm/m/it/10 ; \OT1/cmr/m/n/10 300\OML/cmm/m/it/
10 ; \OT1/cmr/m/n/10 400\OML/cmm/m/it/10 ; \OT1/cmr/m/n/10 500\OMS/cmsy/m/n/10 
g$ \OT1/ptm/m/n/10 us-ing $\OML/cmm/m/it/10 k \OT1/cmr/m/n/10 = 5$ \OT1/ptm/m/n
/10 folds.
 []


Overfull \hbox (35.17357pt too wide) in paragraph at lines 97--109
 [][] 
 []



LaTeX Font Info:    Trying to load font information for OMS+ptm on input line 1
11.
(C:\Program Files\LaTeX\tex/latex/psnfss\omsptm.fd
File: omsptm.fd 
)
LaTeX Font Info:    Font shape `OMS/ptm/m/n' in size <10> not available
(Font)              Font shape `OMS/cmsy/m/n' tried instead on input line 111.

Underfull \hbox (badness 10000) in paragraph at lines 111--114

 []

<test_q2_vs_rmse_barchart.png, id=17, 578.16pt x 433.62pt>
File: test_q2_vs_rmse_barchart.png Graphic file (type png)
<use test_q2_vs_rmse_barchart.png>
Package pdftex.def Info: test_q2_vs_rmse_barchart.png  used on input line 123.
(pdftex.def)             Requested size: 260.16959pt x 195.1272pt.

Underfull \hbox (badness 1490) in paragraph at lines 121--129
\OT1/ptm/m/n/10 in Fig-ure 1[], con-firms that the \OT1/ptm/b/n/10 Lasso \OT1/p
tm/m/n/10 and \OT1/ptm/b/n/10 Elas-tic Net
 []


Underfull \hbox (badness 10000) in paragraph at lines 121--129

 []


Underfull \hbox (badness 4229) in paragraph at lines 121--129
 []\OT1/ptm/m/n/10 Conversely, the \OT1/ptm/b/n/10 PLS \OT1/ptm/m/n/10 model pe
r-formed the worst,
 []


Underfull \hbox (badness 1577) in paragraph at lines 121--129
\OT1/ptm/m/n/10 record-ing the high-est $[]$ ($\OMS/cmsy/m/n/10 ^^Y \OT1/cmr/m/
n/10 3\OML/cmm/m/it/10 :\OT1/cmr/m/n/10 68$\OT1/ptm/m/n/10 ) and the low-est
 []


Underfull \hbox (badness 10000) in paragraph at lines 121--129

 []


Underfull \hbox (badness 10000) in paragraph at lines 121--129

 []


Underfull \hbox (badness 10000) in paragraph at lines 121--129

 []


Underfull \hbox (badness 10000) in paragraph at lines 121--129

 []


Underfull \hbox (badness 10000) in paragraph at lines 121--129

 []


Underfull \hbox (badness 10000) in paragraph at lines 121--129

 []


Underfull \hbox (badness 10000) in paragraph at lines 121--129

 []


Underfull \hbox (badness 10000) in paragraph at lines 121--129

 []



[2]
<test_rmse_mae_ratio_barchart.png, id=26, 578.16pt x 433.62pt>
File: test_rmse_mae_ratio_barchart.png Graphic file (type png)
<use test_rmse_mae_ratio_barchart.png>
Package pdftex.def Info: test_rmse_mae_ratio_barchart.png  used on input line 1
33.
(pdftex.def)             Requested size: 260.16959pt x 195.1272pt.

Underfull \hbox (badness 10000) in paragraph at lines 138--140

 []



<rmse_and_time_scatterplot.png, id=27, 578.16pt x 433.62pt>
File: rmse_and_time_scatterplot.png Graphic file (type png)
<use rmse_and_time_scatterplot.png>
Package pdftex.def Info: rmse_and_time_scatterplot.png  used on input line 144.

(pdftex.def)             Requested size: 260.16959pt x 195.1272pt.

Underfull \hbox (badness 3219) in paragraph at lines 149--153
[]\OT1/ptm/m/n/10 The \OT1/ptm/b/n/10 Step-wise Re-gres-sion \OT1/ptm/m/n/10 mo
del pro-vided the most
 []


Underfull \hbox (badness 10000) in paragraph at lines 149--153
\OT1/ptm/m/n/10 bal-anced so-lu-tion, achiev-ing near-best ac-cu-racy with
 []


Underfull \hbox (badness 10000) in paragraph at lines 149--153

 []



[3 <./test_q2_vs_rmse_barchart.png> <./test_rmse_mae_ratio_barchart.png> <./rms
e_and_time_scatterplot.png>]
Underfull \hbox (badness 3668) in paragraph at lines 165--166
[]\OT1/ptm/m/n/10 The source code, data, and de-tailed im-ple-men-ta-tion
 []


Underfull \hbox (badness 10000) in paragraph at lines 165--166
\OT1/ptm/m/n/10 scripts for this project are avail-able on GitHub
 []


Underfull \hbox (badness 10000) in paragraph at lines 165--166
\OT1/ptm/m/n/10 (URL: https://github.com/gaguillen4384-dev/Data-
 []


** Conference Paper **
Before submitting the final camera ready copy, remember to:

 1. Manually equalize the lengths of two columns on the last page
 of your paper;

 2. Ensure that any PostScript and/or PDF output post-processing
 uses only Type 1 fonts and that every step in the generation
 process uses the appropriate paper size.





[4

] (Project_Assignment_2.aux)
 ***********
LaTeX2e <2025-06-01> patch level 1
L3 programming layer <2025-08-13>
 ***********
 ) 
Here is how much of TeX's memory you used:
 4323 strings out of 468133
 66994 string characters out of 5441260
 495435 words of memory out of 5000000
 32880 multiletter control sequences out of 15000+600000
 678992 words of font info for 152 fonts, out of 8000000 for 9000
 1141 hyphenation exceptions out of 8191
 57i,13n,65p,648b,296s stack positions out of 10000i,1000n,20000p,200000b,200000s
<C:/Program Files/LaTeX/fonts/type1/public/amsfonts/cm/cmbx10.pfb><C:/Program
 Files/LaTeX/fonts/type1/public/amsfonts/cm/cmmi10.pfb><C:/Program Files/LaTeX/
fonts/type1/public/amsfonts/cm/cmmi12.pfb><C:/Program Files/LaTeX/fonts/type1/p
ublic/amsfonts/cm/cmmi8.pfb><C:/Program Files/LaTeX/fonts/type1/public/amsfonts
/cm/cmmi9.pfb><C:/Program Files/LaTeX/fonts/type1/public/amsfonts/cm/cmr10.pfb>
<C:/Program Files/LaTeX/fonts/type1/public/amsfonts/cm/cmr6.pfb><C:/Program Fil
es/LaTeX/fonts/type1/public/amsfonts/cm/cmr7.pfb><C:/Program Files/LaTeX/fonts/
type1/public/amsfonts/cm/cmr8.pfb><C:/Program Files/LaTeX/fonts/type1/public/am
sfonts/cm/cmr9.pfb><C:/Program Files/LaTeX/fonts/type1/public/amsfonts/cm/cmsy1
0.pfb><C:/Program Files/LaTeX/fonts/type1/public/amsfonts/cm/cmsy9.pfb><C:/Prog
ram Files/LaTeX/fonts/type1/urw/courier/ucrr8a.pfb><C:/Program Files/LaTeX/font
s/type1/urw/times/utmb8a.pfb><C:/Program Files/LaTeX/fonts/type1/urw/times/utmb
i8a.pfb><C:/Program Files/LaTeX/fonts/type1/urw/times/utmr8a.pfb><C:/Program Fi
les/LaTeX/fonts/type1/urw/times/utmri8a.pfb>
Output written on Project_Assignment_2.pdf (4 pages, 399009 bytes).
PDF statistics:
 108 PDF objects out of 1000 (max. 8388607)
 0 named destinations out of 1000 (max. 500000)
 16 words of extra memory for PDF output out of 10000 (max. 10000000)

