This is pdfTeX, Version 3.141592653-2.6-1.40.27 (MiKTeX 25.4) (preloaded format=pdflatex 2025.9.19)  3 DEC 2025 22:52
entering extended mode
 restricted \write18 enabled.
 %&-line parsing enabled.
**./Project_Assignment_3.tex
(Project_Assignment_3.tex
LaTeX2e <2025-06-01> patch level 1
L3 programming layer <2025-08-13>
(IEEEtran.cls
Document Class: IEEEtran 2015/08/26 V1.8b by Michael Shell
-- See the "IEEEtran_HOWTO" manual for usage information.
-- http://www.michaelshell.org/tex/ieeetran/
\@IEEEtrantmpdimenA=\dimen148
\@IEEEtrantmpdimenB=\dimen149
\@IEEEtrantmpdimenC=\dimen150
\@IEEEtrantmpcountA=\count275
\@IEEEtrantmpcountB=\count276
\@IEEEtrantmpcountC=\count277
\@IEEEtrantmptoksA=\toks17
LaTeX Font Info:    Trying to load font information for OT1+ptm on input line 5
03.
(C:\Program Files\LaTeX\tex/latex/psnfss\ot1ptm.fd
File: ot1ptm.fd 2001/06/04 font definitions for OT1/ptm.
)
-- Using 8.5in x 11in (letter) paper.
-- Using PDF output.
\@IEEEnormalsizeunitybaselineskip=\dimen151
-- This is a 10 point document.
LaTeX Encoding Info:    Redeclaring text command \textunderscore (encoding ?) o
n input line 937.
\CLASSINFOnormalsizebaselineskip=\dimen152
\CLASSINFOnormalsizeunitybaselineskip=\dimen153
\IEEEnormaljot=\dimen154
LaTeX Font Info:    Font shape `OT1/ptm/bx/n' in size <5> not available
(Font)              Font shape `OT1/ptm/b/n' tried instead on input line 1090.
LaTeX Font Info:    Font shape `OT1/ptm/bx/it' in size <5> not available
(Font)              Font shape `OT1/ptm/b/it' tried instead on input line 1090.

LaTeX Font Info:    Font shape `OT1/ptm/bx/n' in size <7> not available
(Font)              Font shape `OT1/ptm/b/n' tried instead on input line 1090.
LaTeX Font Info:    Font shape `OT1/ptm/bx/it' in size <7> not available
(Font)              Font shape `OT1/ptm/b/it' tried instead on input line 1090.

LaTeX Font Info:    Font shape `OT1/ptm/bx/n' in size <8> not available
(Font)              Font shape `OT1/ptm/b/n' tried instead on input line 1090.
LaTeX Font Info:    Font shape `OT1/ptm/bx/it' in size <8> not available
(Font)              Font shape `OT1/ptm/b/it' tried instead on input line 1090.

LaTeX Font Info:    Font shape `OT1/ptm/bx/n' in size <9> not available
(Font)              Font shape `OT1/ptm/b/n' tried instead on input line 1090.
LaTeX Font Info:    Font shape `OT1/ptm/bx/it' in size <9> not available
(Font)              Font shape `OT1/ptm/b/it' tried instead on input line 1090.

LaTeX Font Info:    Font shape `OT1/ptm/bx/n' in size <10> not available
(Font)              Font shape `OT1/ptm/b/n' tried instead on input line 1090.
LaTeX Font Info:    Font shape `OT1/ptm/bx/it' in size <10> not available
(Font)              Font shape `OT1/ptm/b/it' tried instead on input line 1090.

LaTeX Font Info:    Font shape `OT1/ptm/bx/n' in size <11> not available
(Font)              Font shape `OT1/ptm/b/n' tried instead on input line 1090.
LaTeX Font Info:    Font shape `OT1/ptm/bx/it' in size <11> not available
(Font)              Font shape `OT1/ptm/b/it' tried instead on input line 1090.

LaTeX Font Info:    Font shape `OT1/ptm/bx/n' in size <12> not available
(Font)              Font shape `OT1/ptm/b/n' tried instead on input line 1090.
LaTeX Font Info:    Font shape `OT1/ptm/bx/it' in size <12> not available
(Font)              Font shape `OT1/ptm/b/it' tried instead on input line 1090.

LaTeX Font Info:    Font shape `OT1/ptm/bx/n' in size <17> not available
(Font)              Font shape `OT1/ptm/b/n' tried instead on input line 1090.
LaTeX Font Info:    Font shape `OT1/ptm/bx/it' in size <17> not available
(Font)              Font shape `OT1/ptm/b/it' tried instead on input line 1090.

LaTeX Font Info:    Font shape `OT1/ptm/bx/n' in size <20> not available
(Font)              Font shape `OT1/ptm/b/n' tried instead on input line 1090.
LaTeX Font Info:    Font shape `OT1/ptm/bx/it' in size <20> not available
(Font)              Font shape `OT1/ptm/b/it' tried instead on input line 1090.

LaTeX Font Info:    Font shape `OT1/ptm/bx/n' in size <24> not available
(Font)              Font shape `OT1/ptm/b/n' tried instead on input line 1090.
LaTeX Font Info:    Font shape `OT1/ptm/bx/it' in size <24> not available
(Font)              Font shape `OT1/ptm/b/it' tried instead on input line 1090.

\IEEEquantizedlength=\dimen155
\IEEEquantizedlengthdiff=\dimen156
\IEEEquantizedtextheightdiff=\dimen157
\IEEEilabelindentA=\dimen158
\IEEEilabelindentB=\dimen159
\IEEEilabelindent=\dimen160
\IEEEelabelindent=\dimen161
\IEEEdlabelindent=\dimen162
\IEEElabelindent=\dimen163
\IEEEiednormlabelsep=\dimen164
\IEEEiedmathlabelsep=\dimen165
\IEEEiedtopsep=\skip49
\c@section=\count278
\c@subsection=\count279
\c@subsubsection=\count280
\c@paragraph=\count281
\c@IEEEsubequation=\count282
\abovecaptionskip=\skip50
\belowcaptionskip=\skip51
\c@figure=\count283
\c@table=\count284
\@IEEEeqnnumcols=\count285
\@IEEEeqncolcnt=\count286
\@IEEEsubeqnnumrollback=\count287
\@IEEEquantizeheightA=\dimen166
\@IEEEquantizeheightB=\dimen167
\@IEEEquantizeheightC=\dimen168
\@IEEEquantizeprevdepth=\dimen169
\@IEEEquantizemultiple=\count288
\@IEEEquantizeboxA=\box53
\@IEEEtmpitemindent=\dimen170
\IEEEPARstartletwidth=\dimen171
\c@IEEEbiography=\count289
\@IEEEtranrubishbin=\box54
) (C:\Program Files\LaTeX\tex/latex/cite\cite.sty
LaTeX Info: Redefining \cite on input line 302.
LaTeX Info: Redefining \nocite on input line 332.
Package: cite 2015/02/27  v 5.5
)
(C:\Program Files\LaTeX\tex/latex/amsmath\amsmath.sty
Package: amsmath 2025/06/16 v2.17y AMS math features
\@mathmargin=\skip52

For additional information on amsmath, use the `?' option.
(C:\Program Files\LaTeX\tex/latex/amsmath\amstext.sty
Package: amstext 2024/11/17 v2.01 AMS text

(C:\Program Files\LaTeX\tex/latex/amsmath\amsgen.sty
File: amsgen.sty 1999/11/30 v2.0 generic functions
\@emptytoks=\toks18
\ex@=\dimen172
))
(C:\Program Files\LaTeX\tex/latex/amsmath\amsbsy.sty
Package: amsbsy 1999/11/29 v1.2d Bold Symbols
\pmbraise@=\dimen173
)
(C:\Program Files\LaTeX\tex/latex/amsmath\amsopn.sty
Package: amsopn 2022/04/08 v2.04 operator names
)
\inf@bad=\count290
LaTeX Info: Redefining \frac on input line 233.
\uproot@=\count291
\leftroot@=\count292
LaTeX Info: Redefining \overline on input line 398.
LaTeX Info: Redefining \colon on input line 409.
\classnum@=\count293
\DOTSCASE@=\count294
LaTeX Info: Redefining \ldots on input line 495.
LaTeX Info: Redefining \dots on input line 498.
LaTeX Info: Redefining \cdots on input line 619.
\Mathstrutbox@=\box55
\strutbox@=\box56
LaTeX Info: Redefining \big on input line 721.
LaTeX Info: Redefining \Big on input line 722.
LaTeX Info: Redefining \bigg on input line 723.
LaTeX Info: Redefining \Bigg on input line 724.
\big@size=\dimen174
LaTeX Font Info:    Redeclaring font encoding OML on input line 742.
LaTeX Font Info:    Redeclaring font encoding OMS on input line 743.
\macc@depth=\count295
LaTeX Info: Redefining \bmod on input line 904.
LaTeX Info: Redefining \pmod on input line 909.
LaTeX Info: Redefining \smash on input line 939.
LaTeX Info: Redefining \relbar on input line 969.
LaTeX Info: Redefining \Relbar on input line 970.
\c@MaxMatrixCols=\count296
\dotsspace@=\muskip17
\c@parentequation=\count297
\dspbrk@lvl=\count298
\tag@help=\toks19
\row@=\count299
\column@=\count300
\maxfields@=\count301
\andhelp@=\toks20
\eqnshift@=\dimen175
\alignsep@=\dimen176
\tagshift@=\dimen177
\tagwidth@=\dimen178
\totwidth@=\dimen179
\lineht@=\dimen180
\@envbody=\toks21
\multlinegap=\skip53
\multlinetaggap=\skip54
\mathdisplay@stack=\toks22
LaTeX Info: Redefining \[ on input line 2949.
LaTeX Info: Redefining \] on input line 2950.
)
(C:\Program Files\LaTeX\tex/latex/amsfonts\amssymb.sty
Package: amssymb 2013/01/14 v3.01 AMS font symbols

(C:\Program Files\LaTeX\tex/latex/amsfonts\amsfonts.sty
Package: amsfonts 2013/01/14 v3.01 Basic AMSFonts support
\symAMSa=\mathgroup4
\symAMSb=\mathgroup5
LaTeX Font Info:    Redeclaring math symbol \hbar on input line 98.
LaTeX Font Info:    Overwriting math alphabet `\mathfrak' in version `bold'
(Font)                  U/euf/m/n --> U/euf/b/n on input line 106.
))
(C:\Program Files\LaTeX\tex/latex/algorithms\algorithmic.sty
Package: algorithmic 2009/08/24 v0.1 Document Style `algorithmic'

(C:\Program Files\LaTeX\tex/latex/base\ifthen.sty
Package: ifthen 2024/03/16 v1.1e Standard LaTeX ifthen package (DPC)
)
(C:\Program Files\LaTeX\tex/latex/graphics\keyval.sty
Package: keyval 2022/05/29 v1.15 key=value parser (DPC)
\KV@toks@=\toks23
)
\c@ALC@unique=\count302
\c@ALC@line=\count303
\c@ALC@rem=\count304
\c@ALC@depth=\count305
\ALC@tlm=\skip55
\algorithmicindent=\skip56
)
(C:\Program Files\LaTeX\tex/latex/graphics\graphicx.sty
Package: graphicx 2024/12/31 v1.2e Enhanced LaTeX Graphics (DPC,SPQR)

(C:\Program Files\LaTeX\tex/latex/graphics\graphics.sty
Package: graphics 2024/08/06 v1.4g Standard LaTeX Graphics (DPC,SPQR)

(C:\Program Files\LaTeX\tex/latex/graphics\trig.sty
Package: trig 2023/12/02 v1.11 sin cos tan (DPC)
)
(C:\Program Files\LaTeX\tex/latex/graphics-cfg\graphics.cfg
File: graphics.cfg 2016/06/04 v1.11 sample graphics configuration
)
Package graphics Info: Driver file: pdftex.def on input line 106.

(C:\Program Files\LaTeX\tex/latex/graphics-def\pdftex.def
File: pdftex.def 2024/04/13 v1.2c Graphics/color driver for pdftex
))
\Gin@req@height=\dimen181
\Gin@req@width=\dimen182
)
(C:\Program Files\LaTeX\tex/latex/base\textcomp.sty
Package: textcomp 2024/04/24 v2.1b Standard LaTeX package
)
(C:\Program Files\LaTeX\tex/latex/xcolor\xcolor.sty
Package: xcolor 2024/09/29 v3.02 LaTeX color extensions (UK)

(C:\Program Files\LaTeX\tex/latex/graphics-cfg\color.cfg
File: color.cfg 2016/01/02 v1.6 sample color configuration
)
Package xcolor Info: Driver file: pdftex.def on input line 274.

(C:\Program Files\LaTeX\tex/latex/graphics\mathcolor.ltx)
Package xcolor Info: Model `cmy' substituted by `cmy0' on input line 1349.
Package xcolor Info: Model `hsb' substituted by `rgb' on input line 1353.
Package xcolor Info: Model `RGB' extended on input line 1365.
Package xcolor Info: Model `HTML' substituted by `rgb' on input line 1367.
Package xcolor Info: Model `Hsb' substituted by `hsb' on input line 1368.
Package xcolor Info: Model `tHsb' substituted by `hsb' on input line 1369.
Package xcolor Info: Model `HSB' substituted by `hsb' on input line 1370.
Package xcolor Info: Model `Gray' substituted by `gray' on input line 1371.
Package xcolor Info: Model `wave' substituted by `hsb' on input line 1372.
)
(C:\Program Files\LaTeX\tex/latex/l3backend\l3backend-pdftex.def
File: l3backend-pdftex.def 2025-06-09 L3 backend support: PDF output (pdfTeX)
\l__color_backend_stack_int=\count306
)
(Project_Assignment_3.aux)
\openout1 = `Project_Assignment_3.aux'.

LaTeX Font Info:    Checking defaults for OML/cmm/m/it on input line 11.
LaTeX Font Info:    ... okay on input line 11.
LaTeX Font Info:    Checking defaults for OMS/cmsy/m/n on input line 11.
LaTeX Font Info:    ... okay on input line 11.
LaTeX Font Info:    Checking defaults for OT1/cmr/m/n on input line 11.
LaTeX Font Info:    ... okay on input line 11.
LaTeX Font Info:    Checking defaults for T1/cmr/m/n on input line 11.
LaTeX Font Info:    ... okay on input line 11.
LaTeX Font Info:    Checking defaults for TS1/cmr/m/n on input line 11.
LaTeX Font Info:    ... okay on input line 11.
LaTeX Font Info:    Checking defaults for OMX/cmex/m/n on input line 11.
LaTeX Font Info:    ... okay on input line 11.
LaTeX Font Info:    Checking defaults for U/cmr/m/n on input line 11.
LaTeX Font Info:    ... okay on input line 11.

-- Lines per column: 56 (exact).
(C:\Program Files\LaTeX\tex/context/base/mkii\supp-pdf.mkii
[Loading MPS to PDF converter (version 2006.09.02).]
\scratchcounter=\count307
\scratchdimen=\dimen183
\scratchbox=\box57
\nofMPsegments=\count308
\nofMParguments=\count309
\everyMPshowfont=\toks24
\MPscratchCnt=\count310
\MPscratchDim=\dimen184
\MPnumerator=\count311
\makeMPintoPDFobject=\count312
\everyMPtoPDFconversion=\toks25
) (C:\Program Files\LaTeX\tex/latex/epstopdf-pkg\epstopdf-base.sty
Package: epstopdf-base 2020-01-24 v2.11 Base part for package epstopdf
Package epstopdf-base Info: Redefining graphics rule for `.eps' on input line 4
85.

(C:\Program Files\LaTeX\tex/latex/00miktex\epstopdf-sys.cfg
File: epstopdf-sys.cfg 2021/03/18 v2.0 Configuration of epstopdf for MiKTeX
))
LaTeX Font Info:    Trying to load font information for U+msa on input line 25.


(C:\Program Files\LaTeX\tex/latex/amsfonts\umsa.fd
File: umsa.fd 2013/01/14 v3.01 AMS symbols A
)
LaTeX Font Info:    Trying to load font information for U+msb on input line 25.


(C:\Program Files\LaTeX\tex/latex/amsfonts\umsb.fd
File: umsb.fd 2013/01/14 v3.01 AMS symbols B
)
Underfull \hbox (badness 10000) in paragraph at lines 29--33

 []



LaTeX Font Info:    Trying to load font information for OT1+pcr on input line 5
0.
(C:\Program Files\LaTeX\tex/latex/psnfss\ot1pcr.fd
File: ot1pcr.fd 2001/06/04 font definitions for OT1/pcr.
)
Underfull \hbox (badness 10000) in paragraph at lines 50--51
[]\OT1/ptm/m/n/10 The ini-tial dataset of 100,000 ob-ser-va-tions was
 []


Underfull \hbox (badness 1701) in paragraph at lines 50--51
\OT1/ptm/m/n/10 pre-pro-cessed for the mul-ti-class anal-y-sis, which tar-geted

 []


Underfull \hbox (badness 10000) in paragraph at lines 50--51
\OT1/ptm/m/n/10 the \OT1/ptm/b/n/10 di-a-betes stage \OT1/ptm/m/n/10 (dis-ease 
sever-ity). Fea-tures that
 []


Underfull \hbox (badness 10000) in paragraph at lines 50--51
\OT1/ptm/m/n/10 were not pri-mary clas-si-fi-ca-tion pre-dic-tors, in-clud-ing
 []


Underfull \hbox (badness 10000) in paragraph at lines 50--51
\OT1/pcr/m/n/10 diagnosed_diabetes\OT1/ptm/m/n/10 , \OT1/pcr/m/n/10 hypertensio
n_history\OT1/ptm/m/n/10 ,
 []


Underfull \hbox (badness 10000) in paragraph at lines 52--55
[]\OT1/ptm/m/n/10 Categorical vari-ables (\OT1/pcr/m/n/10 gender\OT1/ptm/m/n/10
 , \OT1/pcr/m/n/10 ethnicity\OT1/ptm/m/n/10 ,
 []


Underfull \hbox (badness 10000) in paragraph at lines 52--55
\OT1/pcr/m/n/10 education level\OT1/ptm/m/n/10 , \OT1/pcr/m/n/10 income level\O
T1/ptm/m/n/10 , \OT1/pcr/m/n/10 employment
 []


Underfull \hbox (badness 10000) in paragraph at lines 52--55

 []



[1{C:/Users/gagui/AppData/Local/MiKTeX/fonts/map/pdftex/pdftex.map}{C:/Program 
Files/LaTeX/fonts/enc/dvips/base/8r.enc}


]
Underfull \hbox (badness 3019) in paragraph at lines 65--66
\OT1/ptm/m/n/10 resource-intensive meth-ods like step-wise se-lec-tion were
 []


Underfull \hbox (badness 10000) in paragraph at lines 65--66

 []


Underfull \hbox (badness 10000) in paragraph at lines 88--90

 []


Underfull \hbox (badness 5446) in paragraph at lines 91--92
[]\OT1/ptm/m/n/10 Feature se-lec-tion for \OT1/ptm/b/n/10 K-Nearest Neigh-bors 
(KNN)
 []


Underfull \hbox (badness 1596) in paragraph at lines 91--92
\OT1/ptm/m/n/10 was im-ple-mented us-ing the \OT1/ptm/b/n/10 Least Ab-so-lute S
hrink-age
 []


Underfull \hbox (badness 3078) in paragraph at lines 91--92
\OT1/ptm/b/n/10 and Se-lec-tion Op-er-a-tor (Lasso) \OT1/ptm/m/n/10 reg-u-lar-i
za-tion, which
 []


Underfull \hbox (badness 10000) in paragraph at lines 91--92
\OT1/ptm/m/n/10 au-to-mat-i-cally se-lects fea-tures by driv-ing in-signif-i-ca
nt
 []


Underfull \hbox (badness 5548) in paragraph at lines 91--92
\OT1/ptm/m/n/10 co-ef-fi-cients to zero. This method-ol-ogy is par-tic-u-larly
 []


Underfull \hbox (badness 10000) in paragraph at lines 91--92

 []




Underfull \hbox (badness 10000) in paragraph at lines 122--123

 []


Underfull \hbox (badness 10000) in paragraph at lines 132--135

 []



[2]
<knn_multiclass_confusion_matrix.png, id=23, 578.16pt x 578.16pt>
File: knn_multiclass_confusion_matrix.png Graphic file (type png)
<use knn_multiclass_confusion_matrix.png>
Package pdftex.def Info: knn_multiclass_confusion_matrix.png  used on input lin
e 141.
(pdftex.def)             Requested size: 260.16959pt x 260.16959pt.
<knn_roc_curve.png, id=25, 722.7pt x 578.16pt>
File: knn_roc_curve.png Graphic file (type png)
<use knn_roc_curve.png>
Package pdftex.def Info: knn_roc_curve.png  used on input line 149.
(pdftex.def)             Requested size: 252.94878pt x 202.35902pt.


<log_lasso_confusion_matrix.png, id=26, 578.16pt x 578.16pt>
File: log_lasso_confusion_matrix.png Graphic file (type png)
<use log_lasso_confusion_matrix.png>
Package pdftex.def Info: log_lasso_confusion_matrix.png  used on input line 160
.
(pdftex.def)             Requested size: 260.16959pt x 260.16959pt.


[3 <./knn_multiclass_confusion_matrix.png> <./knn_roc_curve.png> <./log_lasso_c
onfusion_matrix.png>]
<log_lasso_roc_curve.png, id=34, 722.7pt x 578.16pt>
File: log_lasso_roc_curve.png Graphic file (type png)
<use log_lasso_roc_curve.png>
Package pdftex.def Info: log_lasso_roc_curve.png  used on input line 169.
(pdftex.def)             Requested size: 252.94878pt x 202.35902pt.

Underfull \hbox (badness 1478) in paragraph at lines 175--176
\OT1/ptm/m/n/10 closely by \OT1/ptm/b/n/10 Type 2 \OT1/ptm/m/n/10 (yel-low curv
e) with a \OT1/ptm/b/n/10 Very Good
 []


Underfull \hbox (badness 10000) in paragraph at lines 175--176

 []

<log_ridge_confusion_matrix.png, id=35, 578.16pt x 578.16pt>
File: log_ridge_confusion_matrix.png Graphic file (type png)
<use log_ridge_confusion_matrix.png>
Package pdftex.def Info: log_ridge_confusion_matrix.png  used on input line 180
.
(pdftex.def)             Requested size: 260.16959pt x 260.16959pt.

Underfull \vbox (badness 3965) has occurred while \output is active []



<log_ridge_roc_curve.png, id=36, 722.7pt x 578.16pt>
File: log_ridge_roc_curve.png Graphic file (type png)
<use log_ridge_roc_curve.png>
Package pdftex.def Info: log_ridge_roc_curve.png  used on input line 189.
(pdftex.def)             Requested size: 252.94878pt x 202.35902pt.

Underfull \hbox (badness 10000) in paragraph at lines 194--196

 []



[4 <./log_lasso_roc_curve.png> <./log_ridge_confusion_matrix.png>]
<log_elasticnet_confusion_matrix.png, id=42, 578.16pt x 578.16pt>
File: log_elasticnet_confusion_matrix.png Graphic file (type png)
<use log_elasticnet_confusion_matrix.png>
Package pdftex.def Info: log_elasticnet_confusion_matrix.png  used on input lin
e 202.
(pdftex.def)             Requested size: 260.16959pt x 260.16959pt.


<log_elasticnet_roc_curve.png, id=43, 722.7pt x 578.16pt>
File: log_elasticnet_roc_curve.png Graphic file (type png)
<use log_elasticnet_roc_curve.png>
Package pdftex.def Info: log_elasticnet_roc_curve.png  used on input line 211.
(pdftex.def)             Requested size: 252.94878pt x 202.35902pt.

LaTeX Warning: `!h' float specifier changed to `!ht'.


LaTeX Warning: `!h' float specifier changed to `!ht'.



[5 <./log_ridge_roc_curve.png> <./log_elasticnet_confusion_matrix.png> <./log_e
lasticnet_roc_curve.png>]
Underfull \hbox (badness 10000) in paragraph at lines 270--274
 \OT1/ptm/m/it/10 1) The Dif-fer-ence be-tween Logistic/$[][]$ and
 []


Underfull \hbox (badness 1596) in paragraph at lines 270--274
\OT1/ptm/m/it/10 Lo-gis-tic/ElasticNet: [][] \OT1/ptm/m/n/10 The ta-bles V[], V
I[], VII[] and VII[] of
 []


Underfull \hbox (badness 5403) in paragraph at lines 270--274
\OT1/ptm/m/n/10 the \OT1/ptm/b/n/10 Ridge \OT1/ptm/m/n/10 and \OT1/ptm/b/n/10 E
las-tic-Net \OT1/ptm/m/n/10 mod-els con-sis-tently shows
 []


Underfull \hbox (badness 3128) in paragraph at lines 270--274
[]\OT1/ptm/m/n/10 Conversely, be-ing male serves as a strong neg-a-tive
 []


Underfull \hbox (badness 2600) in paragraph at lines 270--274
\OT1/ptm/m/n/10 pre-dic-tor (or a strong ar-gu-ment against) a Ges-ta-tional
 []


Underfull \hbox (badness 2600) in paragraph at lines 270--274
\OT1/ptm/m/n/10 di-a-betes di-ag-no-sis, and high post-pran-dial glu-cose is a
 []


Underfull \hbox (badness 10000) in paragraph at lines 270--274

 []


LaTeX Warning: `!h' float specifier changed to `!ht'.


LaTeX Warning: `!h' float specifier changed to `!ht'.


LaTeX Warning: `!h' float specifier changed to `!ht'.


LaTeX Warning: `!h' float specifier changed to `!ht'.


Underfull \hbox (badness 10000) in paragraph at lines 360--361
 \OT1/ptm/m/it/10 2) Glu-cose Post-pran-dial Dom-i-nance: [][] \OT1/ptm/m/n/10 
The
 []


Underfull \hbox (badness 10000) in paragraph at lines 360--361
\OT1/pcr/m/n/10 glucose_postprandial \OT1/ptm/m/n/10 fea-ture was uni-ver-sally

 []





[6]
Underfull \hbox (badness 10000) in paragraph at lines 374--379
\OT1/ptm/m/n/10 (URL: \OT1/pcr/m/n/10 https://github.com/
 []


Underfull \hbox (badness 10000) in paragraph at lines 374--379

 []


Underfull \hbox (badness 10000) in paragraph at lines 385--388
[]\OT1/ptm/m/n/8 Kolipaka, Rakesh, & Digutla, Ran-jith Ku-mar. (2025).
 []


Underfull \hbox (badness 10000) in paragraph at lines 385--388
\OT1/ptm/b/n/8 Di-a-betes Health In-di-ca-tors Dataset\OT1/ptm/m/n/8 . Kag-gle.
 Avail-able
 []


Underfull \hbox (badness 10000) in paragraph at lines 385--388
\OT1/ptm/m/n/8 at: \OT1/pcr/m/n/8 https://www.kaggle.com/dsv/13128284\OT1/ptm/m
/n/8 . DOI:
 []


** Conference Paper **
Before submitting the final camera ready copy, remember to:

 1. Manually equalize the lengths of two columns on the last page
 of your paper;

 2. Ensure that any PostScript and/or PDF output post-processing
 uses only Type 1 fonts and that every step in the generation
 process uses the appropriate paper size.





[7

] (Project_Assignment_3.aux)
 ***********
LaTeX2e <2025-06-01> patch level 1
L3 programming layer <2025-08-13>
 ***********
 ) 
Here is how much of TeX's memory you used:
 4312 strings out of 468133
 67781 string characters out of 5441260
 515674 words of memory out of 5000000
 32878 multiletter control sequences out of 15000+600000
 672618 words of font info for 132 fonts, out of 8000000 for 9000
 1141 hyphenation exceptions out of 8191
 57i,12n,65p,1079b,286s stack positions out of 10000i,1000n,20000p,200000b,200000s
<C:/Program Files/LaTeX/fonts/type1/public/amsfonts/cm/cmbx10.pfb><C:/Program
 Files/LaTeX/fonts/type1/public/amsfonts/cm/cmbx7.pfb><C:/Program Files/LaTeX/f
onts/type1/public/amsfonts/cm/cmmi10.pfb><C:/Program Files/LaTeX/fonts/type1/pu
blic/amsfonts/cm/cmmi8.pfb><C:/Program Files/LaTeX/fonts/type1/public/amsfonts/
cm/cmmi9.pfb><C:/Program Files/LaTeX/fonts/type1/public/amsfonts/cm/cmr10.pfb><
C:/Program Files/LaTeX/fonts/type1/public/amsfonts/cm/cmr6.pfb><C:/Program File
s/LaTeX/fonts/type1/public/amsfonts/cm/cmr7.pfb><C:/Program Files/LaTeX/fonts/t
ype1/public/amsfonts/cm/cmr8.pfb><C:/Program Files/LaTeX/fonts/type1/public/ams
fonts/cm/cmsy10.pfb><C:/Program Files/LaTeX/fonts/type1/public/amsfonts/cm/cmsy
7.pfb><C:/Program Files/LaTeX/fonts/type1/urw/courier/ucrr8a.pfb><C:/Program Fi
les/LaTeX/fonts/type1/urw/times/utmb8a.pfb><C:/Program Files/LaTeX/fonts/type1/
urw/times/utmbi8a.pfb><C:/Program Files/LaTeX/fonts/type1/urw/times/utmr8a.pfb>
<C:/Program Files/LaTeX/fonts/type1/urw/times/utmri8a.pfb>
Output written on Project_Assignment_3.pdf (7 pages, 1790600 bytes).
PDF statistics:
 124 PDF objects out of 1000 (max. 8388607)
 0 named destinations out of 1000 (max. 500000)
 41 words of extra memory for PDF output out of 10000 (max. 10000000)

